// Vitest Snapshot v1, https://vitest.dev/guide/snapshot.html

exports[`DashboardProduct.vue > should render title 1`] = `
"<div data-v-f5ca514c=\\"\\" class=\\"product-box gray-box\\">
  <div data-v-f5ca514c=\\"\\" class=\\"product-box__title-description\\"><span data-v-f5ca514c=\\"\\" class=\\"title\\">Title</span><span data-v-f5ca514c=\\"\\" class=\\"description\\">Description</span></div><span data-v-f5ca514c=\\"\\">4.2</span><span data-v-f5ca514c=\\"\\">200$</span>
</div>"
`;
